SCENARIO:
startscreen
events:
Tick(time=0)
Tick(time=1)
Tick(time=2)


FINAL STATE:
StartScreenState
model.time=2
model.music_playing=True


FINAL SCREEN:
WWWWWWWWWWWWWWWWWWWWWWWWWWWWWWWWWWWWWWWWWWWWWWWWWWWWWWWWWWWWWWWWWWWWWWWWWWWWWWW
WWWWWWWWWWWWWWWWWWWWWWWWWWWWWWWWWWWWWWWWWWWWWWWWWWWWWWWWWWWWWWWWWWWWWWWWWWWWWWW
WWWWWWWWWWWWWWWWWWWWWWWWWWWWWWWWWWWWWWWWWWWWWWWWWWWWWWWWWWWWWWWWWWWWWWWWWWWWWWW
WYYYYYWWYYYYYWWYYYYWWYYYYYWWWWWWWWWWWWWWWWWWWWWWWWWWWWWWWWWWWWWWWWWWWWWWWWWWWWW
YYYYYYYYYYYYYYYYYYYYYYYYYYYYWWWWWWWWWWWWWWWWWWWWWWWWWWWWWWWWWWWWWWWWWWWWWWWWWWW
YYYYYYYYYYYYYYYYYYYYYYYYYYYYWWWWWWWWWWWWWWWWWWWWWWWWWWWWWWWWWWWWWWWWWWWWWWWWWWW
YYYYYYYYYYYYYYYYYYYYYYYYYYYYYWWWWWWWWWWWWWWWWWWWWWWWWWWWWWWWWWWWWWWWWWWWWWWWWWW
YYYYYYYYYYYYYYYYYYYYYYYYYYYYYWWWWWWWWWWWWWWWWWWWWWWWWWWWWWWWWWWWWWWWWWWWWWWWWWW
YYYYYYYYYYYYYYYYYYYYYYYYYYYYYWWWWWWWWWWWWWWWWWWWWWWWWWWWWWWWWWWWWWWWWWWWWWWWWWW
YYYYYYYYYYYYYYYYYYYYYYYYYYYYWWWWWWWWWWWWWWWWWWWWWWWWWWWWWWWWWWWWWWWWWWWWWWWWWWW
YYYYYYYYYYYYYYYYYYYYYYYYYYYYWWWWWWWWWWWWWWWWWWWWWWWWWWWWWWWWWWWWWWWWWWWWWWWWWWW
WYYYYYWYYYYYYWYYYYYYWYYYYYYWWWWWWWWWWWWWWWWWWWWWWWWWWWWWWWWWWWWWWWWWWWWWWWWWWWW
WWWWWWWWWWWWWWWWWWWWWWWWWWWWWWWWWWWWWWWWWWWWWWWWWWWWWWWWWWWWWWWWWWWWWWWWWWWWWWW
WWWWWWWWWWWWWWWWWWWWWWWWWWWWWWWWWWWWWWWWWWWWWWWWWWWWWWWWWWWWWWWWWWWWWWWWWWWWWWW
WWWWWWWWWWWWWWWWWWWWWWWWWWWWWWWWWWWWWWWWWWWWWWWWWWWWWWWWWWWWWWWWWWWWWWWWWWWWWWW
WWWWWWWWWWWWWWWWWWWWWWWWWWWWWWWWWWWWWWWWWWWWWWWWWWWWWWWWWWWWWWWWWWWWWWWWWWWWWWW
WWWWWWWWWWWWWWWWWWWWWWWWWWWWWWWWWWWWWWWWWWWWWWWWWWWWWWWWWWWWWWWWWWWWWWWWWWWWWWW
WWWWWWWWWWWWWWWWWWWWWWWWWWWWWWWWWWWWWWWWWWWWWWWWWWWWWWWWWWWWWWWWWWWWWWWWWWWWWWW
WWWWWWWWWWWWWWWWWWWWWWWWWWWWWWWWWWWWWWWWWWWWWWWWWWWWWWWWWWWWWWWWWWWWWWWWWWWWWWW
WWWWWWWWWBWWWWWWWWWWWWWWWWWWWWWWWWWWWWWWWWWWWWWWWWWWWWWWWWWWWWWWWWWWWWWWWWWWWWW
WWWWWWWWWWWWWWWWWWWWWWWWWWWWWWWWWWWWWWWWWWWWWWWWWWWWWWWWWWWWWWWWWWWWWWWWWWWWWWW
WWWWWWWWWWWWWWWWWWWWWWWWWWWWWWWWWWWWWWWWWWWWWWWWWWWWWWWWWWWWWWWWWWWWWWWWWWWWWWW
WWWWWWWWWWWWWWWWWWWWWWWWWWWWWWWWWWWWWWWWWWWWWWWWWWWWWWWWWWWWWWWWWWWWWWWWWWWWWWW
WWWWWWWWWWWWWWWWWWWWWWWWWWWWWWWWWWWWWWWWWWWWWWWWWWWWWWWWWWWWWWWWWWWWWWWWWWWWWWW
WWWWWWWWWWWWWWWWWWWWWWWWWWWWWWWWWWWWWWWWWWWWWWWWWWWWWWWWWWWWWWWWWWWWWWWWWWWWWWW
WWWWWWWWWWWWWWWWWWWWWWWWWWWWWWWWWWWWWWWWWWWWWWWWWWWWWWWWWWWWWWWWWWWWWWWWWWWWWWW
WWWWWWWWWWWWWWWWWWWWWWWWWWWWWWWWWWWWWWWWWWWWWWWWWWWWWWWWWWWWWWWWWWWWWWWWWWWWWWW
WWWWWWWWWWWWWWWWWWWWWWWWWWWWWWWWWWWWWWWWWWWWWWWWWWWWWWWWWWWWWWWWWWWWWWWWWWWWWWW
WWWWWWWWWWWWWWWWWWWWWWWWWWWWWWWGGWWWGWWWWWWWGWGWWWWWWWWWWWWWWWWWWWWWWWWWWWWWWWW
WWWWWWWWWWWWWWWWWWWWWWWWWWWWWWWWW.WGGWWGWWGWGGGGGWWWWWWWWWWWWWWWWWWWWWWWWWWWBWW
WWWWWWWWWWWWWWWWWWWWWWWYYWWWWWWYWWWWWWWWWYWWWWWWWWWWWWWWWYWWWWWWWWWWWWWWWWWWBWW
WWWWWWWWWWWWWWWWWWWWWWWW.YWYWY.WWWW..YY.W.WYWWWY.Y..WWYYYWWWWWWWWWWWWWWWWWWBBBW
WWWWWWWWWWWWWWWWWWWWWWWWWWWWWWWWWWWWWWWWWWWWWWWWWWWWWWWWWWWWWWWWWWWWWWWWWWWBBBW
WWWWWWWWWWWWWWWWWWWWWWWWWBWWWWWWWBBBWWWWWWWWWWWWWWWWWWWWWWWWWWWWWWWWWWWWWWBBBBB
WWWWWWWWWWWWWWWWWWWWWWWWWBBWWWWWWBBBWWBWWWWWWWWWWWWWWWWWWWWWWWWBWWWWWWBBBWBBBBB
WBWWWBBBBBWWWWWWWWWWWWWWWBBBWWWBBBBBWWBWWWWWWWWWWBWWWWWWWWBWWWBBWWWWWWBBBBBBBBB
WBWWWBBBBBBBBWWBBWWWWWBBWBBBWWWBBBBBWBBWWWWWWWWWWBWWWBWWWWBWWBBBBWWWWWBBBBBBBBB
WBWWWBBBBBBBBBWBBWWWWWBBWBBBWWWBBBBBWBBWWWWWBBBBWBBWBBWWWWBWWBBBBWBBWWBBBBBBBBB
WBWWWBWWBBBBBBWBBBWWWWBBBBBBWBWBBBBBBBBBWWWBBBBBBBBWBBBBWBBWWBBBBWWWBWBBBBBBBBB
WBWWWBWWBBBBBBWBBBWWWWBBBBBBWBWBBBBBBBBBBBWBBBBBBBBWBBBBBBBWWBBBBWWWBWBBBBBBBBB
BBWWWBWWBBBBBBWBBBBBBBBBBBBBWBBBBBBBBBBBBBBBBBBBBWBBBBBBBBBBBBBBBWWWBWBBBBBBBBB
BWWWWBWWBBBBBBBBBBBBBBBBBBBBBBBBBBBBBBBBBBBBBBBBBWBBBBBBBBBBBBBBBWWWBBWWBBBBBBB
BWWWBBWWWBBBBBBBBBBWBBBBBBBBWWBBBBBBBBBWBBBBBBBBWWBBBBBBBBWWBBBBBWWWBWWWBBBBBBB
BWWWBBWWWBBBBBBWBBBWBBBBWWBBWWBBBBWWBBBWBBBBBBBBWWWWWWBBBWWWBBBBBWWWBWWWBBBBBBB
BWWWBBWWWBBBBBBWBBBWBBBWWWBBBWBBWWWWWWWWWBBBBWBBWWWWWWBBBWWWBBBBBWWWBWWWBBBBBBB
WWWWBBWWWBBBBBBWBWWWWBBWWWWWWWBBWWWWWWWWWWWBBWBBWWWWWWBBBWWWBBBBBWWWBWWWBBBBBBB
WWWWBBWWWWBBBBWWWWWWWBWWWWWWWWBBWWWWWWWWWWWBBWBBWWWWWRRRRRRWRRRRRRWRRRRRRBRRRRR
WWWWBBWWWWBBBBWWWWWWWBWWWWWWWWWBWWWWWWWWWWWBWWWWWWWWRRRRRRRRRRRRRRRRRRRRRRRRRRR
WWWWBBWWWWBWWWWWWWWWWBWWWWWWWWWBWWWWWWWWWWWBWWWWWWWWRRRRRRRRRRRRRRRRRRRRRRRRRRR
WWWWWBWWWWBWWWWWWWWWWWWWWWWWWWWBWWWWWWWWWWWBWWWWWWWRRRRRRRRRRRRRRRRRRRRRRRRRRRR
WWWWWWWWWWBWWWWWWWWWWWWWWWWWWWWBWWWWWWWWWWWWWWWWWWWRRRRRRRRRRRRRRRRRRRRRRRRRRRR
WWWWWWWWWWBWWWWWWWWWWWWWWWWWWWWBWWWWWWWWWWWWWWWWWWWRRRRRRRRRRRRRRRRRRRRRRRRRRRR
WWWWWWWWWWWWWWWWWWWWWWWWWWWWWWWWWWWWWWWWWWWWWWWWWWWWRRRRRRRRRRRRRRRRRRRRRRRRRRR
WWWWWWWWWWWWWWWWWWWWWWWWWWWWWWWWWWWWWWWWWWWWWWWWWWWWRRRRRRRRRRRRRRRRRRRRRRRRRRR
WWWWWWWWWWWWWWWWWWWWWWWWWWWWWWWWWWWWWWWWWWWWWWWWWWWWWWRRRRRWWRRRRWWRRRRRWWRRRRR
WWWWWWWWWWWWWWWWWWWWWWWWWWWWWWWWWWWWWWWWWWWWWWWWWWWWWWWWWWWWWWWWWWWWWWWWWWWWWWW
WWWWWWWWWWWWWWWWWWWWWWWWWWWWWWWWWWWWWWWWWWWWWWWWWWWWWWWWWWWWWWWWWWWWWWWWWWWWWWW


SIMULATION LOG:
[SIMULATION STARTING]
===Model state===
StartScreenState
model.time=0
model.music_playing=False



[SIMULATING MSG=Tick(time=0)]

Starting music music.
===Model state===
StartScreenState
model.time=0
model.music_playing=True



[SIMULATING MSG=Tick(time=1)]

===Model state===
StartScreenState
model.time=1
model.music_playing=True



[SIMULATING MSG=Tick(time=2)]

===Model state===
StartScreenState
model.time=2
model.music_playing=True



[SIMULATION ENDED]
