SCENARIO:
mouse_movement_over_game_screen
events:
MouseMovedTo(pos=(0, 0))
MouseMovedTo(pos=(10, 10))
MouseMovedTo(pos=(20, 20))
MouseMovedTo(pos=(30, 30))
MouseMovedTo(pos=(40, 40))
MouseMovedTo(pos=(50, 50))
MouseMovedTo(pos=(60, 60))
MouseMovedTo(pos=(70, 70))
MouseMovedTo(pos=(80, 80))
MouseMovedTo(pos=(90, 90))
MouseMovedTo(pos=(100, 100))
MouseMovedTo(pos=(110, 110))
MouseMovedTo(pos=(120, 120))
MouseMovedTo(pos=(130, 130))
MouseMovedTo(pos=(140, 140))
MouseMovedTo(pos=(150, 150))
MouseMovedTo(pos=(160, 160))
MouseMovedTo(pos=(170, 170))
MouseMovedTo(pos=(180, 180))
MouseMovedTo(pos=(190, 190))
MouseMovedTo(pos=(200, 200))
MouseMovedTo(pos=(210, 210))
MouseMovedTo(pos=(220, 220))
MouseMovedTo(pos=(230, 230))
MouseMovedTo(pos=(240, 240))
MouseMovedTo(pos=(250, 250))
MouseMovedTo(pos=(260, 260))
MouseMovedTo(pos=(270, 270))
MouseMovedTo(pos=(280, 280))
MouseMovedTo(pos=(290, 290))
MouseMovedTo(pos=(300, 300))
MouseMovedTo(pos=(310, 310))
MouseMovedTo(pos=(320, 320))
MouseMovedTo(pos=(330, 330))
MouseMovedTo(pos=(340, 340))
MouseMovedTo(pos=(350, 350))
MouseMovedTo(pos=(360, 360))
MouseMovedTo(pos=(370, 370))
MouseMovedTo(pos=(380, 380))
MouseMovedTo(pos=(390, 390))
MouseMovedTo(pos=(400, 400))
MouseMovedTo(pos=(410, 410))
MouseMovedTo(pos=(420, 420))
MouseMovedTo(pos=(430, 430))
MouseMovedTo(pos=(440, 440))
MouseMovedTo(pos=(450, 450))
MouseMovedTo(pos=(460, 460))
MouseMovedTo(pos=(470, 470))
MouseMovedTo(pos=(480, 480))
MouseMovedTo(pos=(490, 490))


FINAL STATE:
GameState
It is reds turn.
model.time=None
The mouse is at (490, 490).
model.mouse_down_time=None
0 1 2 3 4 5 6
-------------
O O O O O O O
O O O O O O O
O O O O O O O
O O O O O O O
O O O O O O O
O O O O O O O


FINAL SCREEN:
...............................................................................
...............................W..W...........W................................
..............................WWWWW.WWWW.WWW.W.WWW.............................
.................................RR............................................
...............................RRRRR...........................................
...............................RRRRRR..........................................
..............................RRRRRRR..........................................
..............................RRRRRRR..........................................
...............................RRRRR...........................................
.................BBBBBBBBBBBBBBBRRRBBBBBBBBBBBBBBBBBBBBBBBBBBBB................
.................BB....BB....BBB....BB....BB....BBB....BB....BB................
.................B.....B......B.....B......B.....B......B.....B................
...............................................................................
...............................................................................
.................B.....B......B.....B......B.....B......B.....B................
.................BB....BB....BBB...BBB....BBB...BBB....BB....BB................
.................BB...BBBB..BBBB...BBBB..BBBB...BBBB..BBBB...BB................
.................B.....B......B.....B......B.....B......B.....B................
.................B............................................B................
...............................................................................
.................B............B..................B............B................
.................B.....BB.....B.....BB....BB.....B.....BB.....B................
.................BBB.BBBBB..BBBBB.BBBBB..BBBBB.BBBBB..BBBBB.BBB................
.................B.....BB....BB.....BB....BB.....BB....BB.....B................
.................B............B.....B......B.....B............B................
...............................................................................
...............................................................................
.................B.....B......B.....B......B.....B......B.....B................
.................BB...BBB....BBB...BBB....BBB...BBB....BBB...BB................
.................BB...BBB....BBB...BBB....BBB...BBB....BBB...BB................
.................B.....B......B.....B......B.....B......B.....B................
...............................................................................
...............................................................................
.................B............B.....B......B.....B............B................
.................B.....BB....BB.....BB....BB.....BB....BB.....B................
.................BBB.BBBBB..BBBBB.BBBBB..BBBBB.BBBBB..BBBBB.BBB................
.................B.....BB.....B.....BB....BB.....B.....BB.....B................
.................B............B..................B............B................
...............................................................................
.................B............................................B................
.................B.....B......B.....B......B.....B......B.....B................
.................BB...BBBB..BBBB...BBBB..BBBB...BBBB..BBBB...BB................
.................BB....BB....BBB...BBB....BBB...BBB....BB....BB................
.................B.....B......B.....B......B.....B......B.....B................
...............................................................................
...............................................................................
.................B.....B......B.....B......B.....B......B.....B................
.................BB....BB....BBB....BB....BB....BBB....BB....BB................
.................BBBBBBBBBBBBBBBBBBBBBBBBBBBBBBBBBBBBBBBBBBBBBB................
...............................................................................
...............................................................................
...............................................................................
...............................................................................
...............................................................................
...............................................................................
...............................................................................
...............................................................................


SIMULATION LOG:
[SIMULATION STARTING]
===Model state===
GameState
It is reds turn.
model.time=None
The mouse is at (550, 400).
model.mouse_down_time=None
0 1 2 3 4 5 6
-------------
O O O O O O O
O O O O O O O
O O O O O O O
O O O O O O O
O O O O O O O
O O O O O O O



[SIMULATING MSG=MouseMovedTo(pos=(0, 0))]

===Model state===
GameState
It is reds turn.
model.time=None
The mouse is at (0, 0).
model.mouse_down_time=None
0 1 2 3 4 5 6
-------------
O O O O O O O
O O O O O O O
O O O O O O O
O O O O O O O
O O O O O O O
O O O O O O O



[SIMULATING MSG=MouseMovedTo(pos=(10, 10))]

===Model state===
GameState
It is reds turn.
model.time=None
The mouse is at (10, 10).
model.mouse_down_time=None
0 1 2 3 4 5 6
-------------
O O O O O O O
O O O O O O O
O O O O O O O
O O O O O O O
O O O O O O O
O O O O O O O



[SIMULATING MSG=MouseMovedTo(pos=(20, 20))]

===Model state===
GameState
It is reds turn.
model.time=None
The mouse is at (20, 20).
model.mouse_down_time=None
0 1 2 3 4 5 6
-------------
O O O O O O O
O O O O O O O
O O O O O O O
O O O O O O O
O O O O O O O
O O O O O O O



[SIMULATING MSG=MouseMovedTo(pos=(30, 30))]

===Model state===
GameState
It is reds turn.
model.time=None
The mouse is at (30, 30).
model.mouse_down_time=None
0 1 2 3 4 5 6
-------------
O O O O O O O
O O O O O O O
O O O O O O O
O O O O O O O
O O O O O O O
O O O O O O O



[SIMULATING MSG=MouseMovedTo(pos=(40, 40))]

===Model state===
GameState
It is reds turn.
model.time=None
The mouse is at (40, 40).
model.mouse_down_time=None
0 1 2 3 4 5 6
-------------
O O O O O O O
O O O O O O O
O O O O O O O
O O O O O O O
O O O O O O O
O O O O O O O



[SIMULATING MSG=MouseMovedTo(pos=(50, 50))]

===Model state===
GameState
It is reds turn.
model.time=None
The mouse is at (50, 50).
model.mouse_down_time=None
0 1 2 3 4 5 6
-------------
O O O O O O O
O O O O O O O
O O O O O O O
O O O O O O O
O O O O O O O
O O O O O O O



[SIMULATING MSG=MouseMovedTo(pos=(60, 60))]

===Model state===
GameState
It is reds turn.
model.time=None
The mouse is at (60, 60).
model.mouse_down_time=None
0 1 2 3 4 5 6
-------------
O O O O O O O
O O O O O O O
O O O O O O O
O O O O O O O
O O O O O O O
O O O O O O O



[SIMULATING MSG=MouseMovedTo(pos=(70, 70))]

===Model state===
GameState
It is reds turn.
model.time=None
The mouse is at (70, 70).
model.mouse_down_time=None
0 1 2 3 4 5 6
-------------
O O O O O O O
O O O O O O O
O O O O O O O
O O O O O O O
O O O O O O O
O O O O O O O



[SIMULATING MSG=MouseMovedTo(pos=(80, 80))]

===Model state===
GameState
It is reds turn.
model.time=None
The mouse is at (80, 80).
model.mouse_down_time=None
0 1 2 3 4 5 6
-------------
O O O O O O O
O O O O O O O
O O O O O O O
O O O O O O O
O O O O O O O
O O O O O O O



[SIMULATING MSG=MouseMovedTo(pos=(90, 90))]

===Model state===
GameState
It is reds turn.
model.time=None
The mouse is at (90, 90).
model.mouse_down_time=None
0 1 2 3 4 5 6
-------------
O O O O O O O
O O O O O O O
O O O O O O O
O O O O O O O
O O O O O O O
O O O O O O O



[SIMULATING MSG=MouseMovedTo(pos=(100, 100))]

===Model state===
GameState
It is reds turn.
model.time=None
The mouse is at (100, 100).
model.mouse_down_time=None
0 1 2 3 4 5 6
-------------
O O O O O O O
O O O O O O O
O O O O O O O
O O O O O O O
O O O O O O O
O O O O O O O



[SIMULATING MSG=MouseMovedTo(pos=(110, 110))]

===Model state===
GameState
It is reds turn.
model.time=None
The mouse is at (110, 110).
model.mouse_down_time=None
0 1 2 3 4 5 6
-------------
O O O O O O O
O O O O O O O
O O O O O O O
O O O O O O O
O O O O O O O
O O O O O O O



[SIMULATING MSG=MouseMovedTo(pos=(120, 120))]

===Model state===
GameState
It is reds turn.
model.time=None
The mouse is at (120, 120).
model.mouse_down_time=None
0 1 2 3 4 5 6
-------------
O O O O O O O
O O O O O O O
O O O O O O O
O O O O O O O
O O O O O O O
O O O O O O O



[SIMULATING MSG=MouseMovedTo(pos=(130, 130))]

===Model state===
GameState
It is reds turn.
model.time=None
The mouse is at (130, 130).
model.mouse_down_time=None
0 1 2 3 4 5 6
-------------
O O O O O O O
O O O O O O O
O O O O O O O
O O O O O O O
O O O O O O O
O O O O O O O



[SIMULATING MSG=MouseMovedTo(pos=(140, 140))]

===Model state===
GameState
It is reds turn.
model.time=None
The mouse is at (140, 140).
model.mouse_down_time=None
0 1 2 3 4 5 6
-------------
O O O O O O O
O O O O O O O
O O O O O O O
O O O O O O O
O O O O O O O
O O O O O O O



[SIMULATING MSG=MouseMovedTo(pos=(150, 150))]

===Model state===
GameState
It is reds turn.
model.time=None
The mouse is at (150, 150).
model.mouse_down_time=None
0 1 2 3 4 5 6
-------------
O O O O O O O
O O O O O O O
O O O O O O O
O O O O O O O
O O O O O O O
O O O O O O O



[SIMULATING MSG=MouseMovedTo(pos=(160, 160))]

===Model state===
GameState
It is reds turn.
model.time=None
The mouse is at (160, 160).
model.mouse_down_time=None
0 1 2 3 4 5 6
-------------
O O O O O O O
O O O O O O O
O O O O O O O
O O O O O O O
O O O O O O O
O O O O O O O



[SIMULATING MSG=MouseMovedTo(pos=(170, 170))]

===Model state===
GameState
It is reds turn.
model.time=None
The mouse is at (170, 170).
model.mouse_down_time=None
0 1 2 3 4 5 6
-------------
O O O O O O O
O O O O O O O
O O O O O O O
O O O O O O O
O O O O O O O
O O O O O O O



[SIMULATING MSG=MouseMovedTo(pos=(180, 180))]

===Model state===
GameState
It is reds turn.
model.time=None
The mouse is at (180, 180).
model.mouse_down_time=None
0 1 2 3 4 5 6
-------------
O O O O O O O
O O O O O O O
O O O O O O O
O O O O O O O
O O O O O O O
O O O O O O O



[SIMULATING MSG=MouseMovedTo(pos=(190, 190))]

===Model state===
GameState
It is reds turn.
model.time=None
The mouse is at (190, 190).
model.mouse_down_time=None
0 1 2 3 4 5 6
-------------
O O O O O O O
O O O O O O O
O O O O O O O
O O O O O O O
O O O O O O O
O O O O O O O



[SIMULATING MSG=MouseMovedTo(pos=(200, 200))]

===Model state===
GameState
It is reds turn.
model.time=None
The mouse is at (200, 200).
model.mouse_down_time=None
0 1 2 3 4 5 6
-------------
O O O O O O O
O O O O O O O
O O O O O O O
O O O O O O O
O O O O O O O
O O O O O O O



[SIMULATING MSG=MouseMovedTo(pos=(210, 210))]

===Model state===
GameState
It is reds turn.
model.time=None
The mouse is at (210, 210).
model.mouse_down_time=None
0 1 2 3 4 5 6
-------------
O O O O O O O
O O O O O O O
O O O O O O O
O O O O O O O
O O O O O O O
O O O O O O O



[SIMULATING MSG=MouseMovedTo(pos=(220, 220))]

===Model state===
GameState
It is reds turn.
model.time=None
The mouse is at (220, 220).
model.mouse_down_time=None
0 1 2 3 4 5 6
-------------
O O O O O O O
O O O O O O O
O O O O O O O
O O O O O O O
O O O O O O O
O O O O O O O



[SIMULATING MSG=MouseMovedTo(pos=(230, 230))]

===Model state===
GameState
It is reds turn.
model.time=None
The mouse is at (230, 230).
model.mouse_down_time=None
0 1 2 3 4 5 6
-------------
O O O O O O O
O O O O O O O
O O O O O O O
O O O O O O O
O O O O O O O
O O O O O O O



[SIMULATING MSG=MouseMovedTo(pos=(240, 240))]

===Model state===
GameState
It is reds turn.
model.time=None
The mouse is at (240, 240).
model.mouse_down_time=None
0 1 2 3 4 5 6
-------------
O O O O O O O
O O O O O O O
O O O O O O O
O O O O O O O
O O O O O O O
O O O O O O O



[SIMULATING MSG=MouseMovedTo(pos=(250, 250))]

===Model state===
GameState
It is reds turn.
model.time=None
The mouse is at (250, 250).
model.mouse_down_time=None
0 1 2 3 4 5 6
-------------
O O O O O O O
O O O O O O O
O O O O O O O
O O O O O O O
O O O O O O O
O O O O O O O



[SIMULATING MSG=MouseMovedTo(pos=(260, 260))]

===Model state===
GameState
It is reds turn.
model.time=None
The mouse is at (260, 260).
model.mouse_down_time=None
0 1 2 3 4 5 6
-------------
O O O O O O O
O O O O O O O
O O O O O O O
O O O O O O O
O O O O O O O
O O O O O O O



[SIMULATING MSG=MouseMovedTo(pos=(270, 270))]

===Model state===
GameState
It is reds turn.
model.time=None
The mouse is at (270, 270).
model.mouse_down_time=None
0 1 2 3 4 5 6
-------------
O O O O O O O
O O O O O O O
O O O O O O O
O O O O O O O
O O O O O O O
O O O O O O O



[SIMULATING MSG=MouseMovedTo(pos=(280, 280))]

===Model state===
GameState
It is reds turn.
model.time=None
The mouse is at (280, 280).
model.mouse_down_time=None
0 1 2 3 4 5 6
-------------
O O O O O O O
O O O O O O O
O O O O O O O
O O O O O O O
O O O O O O O
O O O O O O O



[SIMULATING MSG=MouseMovedTo(pos=(290, 290))]

===Model state===
GameState
It is reds turn.
model.time=None
The mouse is at (290, 290).
model.mouse_down_time=None
0 1 2 3 4 5 6
-------------
O O O O O O O
O O O O O O O
O O O O O O O
O O O O O O O
O O O O O O O
O O O O O O O



[SIMULATING MSG=MouseMovedTo(pos=(300, 300))]

===Model state===
GameState
It is reds turn.
model.time=None
The mouse is at (300, 300).
model.mouse_down_time=None
0 1 2 3 4 5 6
-------------
O O O O O O O
O O O O O O O
O O O O O O O
O O O O O O O
O O O O O O O
O O O O O O O



[SIMULATING MSG=MouseMovedTo(pos=(310, 310))]

===Model state===
GameState
It is reds turn.
model.time=None
The mouse is at (310, 310).
model.mouse_down_time=None
0 1 2 3 4 5 6
-------------
O O O O O O O
O O O O O O O
O O O O O O O
O O O O O O O
O O O O O O O
O O O O O O O



[SIMULATING MSG=MouseMovedTo(pos=(320, 320))]

===Model state===
GameState
It is reds turn.
model.time=None
The mouse is at (320, 320).
model.mouse_down_time=None
0 1 2 3 4 5 6
-------------
O O O O O O O
O O O O O O O
O O O O O O O
O O O O O O O
O O O O O O O
O O O O O O O



[SIMULATING MSG=MouseMovedTo(pos=(330, 330))]

===Model state===
GameState
It is reds turn.
model.time=None
The mouse is at (330, 330).
model.mouse_down_time=None
0 1 2 3 4 5 6
-------------
O O O O O O O
O O O O O O O
O O O O O O O
O O O O O O O
O O O O O O O
O O O O O O O



[SIMULATING MSG=MouseMovedTo(pos=(340, 340))]

===Model state===
GameState
It is reds turn.
model.time=None
The mouse is at (340, 340).
model.mouse_down_time=None
0 1 2 3 4 5 6
-------------
O O O O O O O
O O O O O O O
O O O O O O O
O O O O O O O
O O O O O O O
O O O O O O O



[SIMULATING MSG=MouseMovedTo(pos=(350, 350))]

===Model state===
GameState
It is reds turn.
model.time=None
The mouse is at (350, 350).
model.mouse_down_time=None
0 1 2 3 4 5 6
-------------
O O O O O O O
O O O O O O O
O O O O O O O
O O O O O O O
O O O O O O O
O O O O O O O



[SIMULATING MSG=MouseMovedTo(pos=(360, 360))]

===Model state===
GameState
It is reds turn.
model.time=None
The mouse is at (360, 360).
model.mouse_down_time=None
0 1 2 3 4 5 6
-------------
O O O O O O O
O O O O O O O
O O O O O O O
O O O O O O O
O O O O O O O
O O O O O O O



[SIMULATING MSG=MouseMovedTo(pos=(370, 370))]

===Model state===
GameState
It is reds turn.
model.time=None
The mouse is at (370, 370).
model.mouse_down_time=None
0 1 2 3 4 5 6
-------------
O O O O O O O
O O O O O O O
O O O O O O O
O O O O O O O
O O O O O O O
O O O O O O O



[SIMULATING MSG=MouseMovedTo(pos=(380, 380))]

===Model state===
GameState
It is reds turn.
model.time=None
The mouse is at (380, 380).
model.mouse_down_time=None
0 1 2 3 4 5 6
-------------
O O O O O O O
O O O O O O O
O O O O O O O
O O O O O O O
O O O O O O O
O O O O O O O



[SIMULATING MSG=MouseMovedTo(pos=(390, 390))]

===Model state===
GameState
It is reds turn.
model.time=None
The mouse is at (390, 390).
model.mouse_down_time=None
0 1 2 3 4 5 6
-------------
O O O O O O O
O O O O O O O
O O O O O O O
O O O O O O O
O O O O O O O
O O O O O O O



[SIMULATING MSG=MouseMovedTo(pos=(400, 400))]

===Model state===
GameState
It is reds turn.
model.time=None
The mouse is at (400, 400).
model.mouse_down_time=None
0 1 2 3 4 5 6
-------------
O O O O O O O
O O O O O O O
O O O O O O O
O O O O O O O
O O O O O O O
O O O O O O O



[SIMULATING MSG=MouseMovedTo(pos=(410, 410))]

===Model state===
GameState
It is reds turn.
model.time=None
The mouse is at (410, 410).
model.mouse_down_time=None
0 1 2 3 4 5 6
-------------
O O O O O O O
O O O O O O O
O O O O O O O
O O O O O O O
O O O O O O O
O O O O O O O



[SIMULATING MSG=MouseMovedTo(pos=(420, 420))]

===Model state===
GameState
It is reds turn.
model.time=None
The mouse is at (420, 420).
model.mouse_down_time=None
0 1 2 3 4 5 6
-------------
O O O O O O O
O O O O O O O
O O O O O O O
O O O O O O O
O O O O O O O
O O O O O O O



[SIMULATING MSG=MouseMovedTo(pos=(430, 430))]

===Model state===
GameState
It is reds turn.
model.time=None
The mouse is at (430, 430).
model.mouse_down_time=None
0 1 2 3 4 5 6
-------------
O O O O O O O
O O O O O O O
O O O O O O O
O O O O O O O
O O O O O O O
O O O O O O O



[SIMULATING MSG=MouseMovedTo(pos=(440, 440))]

===Model state===
GameState
It is reds turn.
model.time=None
The mouse is at (440, 440).
model.mouse_down_time=None
0 1 2 3 4 5 6
-------------
O O O O O O O
O O O O O O O
O O O O O O O
O O O O O O O
O O O O O O O
O O O O O O O



[SIMULATING MSG=MouseMovedTo(pos=(450, 450))]

===Model state===
GameState
It is reds turn.
model.time=None
The mouse is at (450, 450).
model.mouse_down_time=None
0 1 2 3 4 5 6
-------------
O O O O O O O
O O O O O O O
O O O O O O O
O O O O O O O
O O O O O O O
O O O O O O O



[SIMULATING MSG=MouseMovedTo(pos=(460, 460))]

===Model state===
GameState
It is reds turn.
model.time=None
The mouse is at (460, 460).
model.mouse_down_time=None
0 1 2 3 4 5 6
-------------
O O O O O O O
O O O O O O O
O O O O O O O
O O O O O O O
O O O O O O O
O O O O O O O



[SIMULATING MSG=MouseMovedTo(pos=(470, 470))]

===Model state===
GameState
It is reds turn.
model.time=None
The mouse is at (470, 470).
model.mouse_down_time=None
0 1 2 3 4 5 6
-------------
O O O O O O O
O O O O O O O
O O O O O O O
O O O O O O O
O O O O O O O
O O O O O O O



[SIMULATING MSG=MouseMovedTo(pos=(480, 480))]

===Model state===
GameState
It is reds turn.
model.time=None
The mouse is at (480, 480).
model.mouse_down_time=None
0 1 2 3 4 5 6
-------------
O O O O O O O
O O O O O O O
O O O O O O O
O O O O O O O
O O O O O O O
O O O O O O O



[SIMULATING MSG=MouseMovedTo(pos=(490, 490))]

===Model state===
GameState
It is reds turn.
model.time=None
The mouse is at (490, 490).
model.mouse_down_time=None
0 1 2 3 4 5 6
-------------
O O O O O O O
O O O O O O O
O O O O O O O
O O O O O O O
O O O O O O O
O O O O O O O



[SIMULATION ENDED]
