SCENARIO:
slash_red_win
Player moves:
  RED: 0  YELLOW: 1
  RED: 1  YELLOW: 2
  RED: 2  YELLOW: 3
  RED: 2  YELLOW: 3
  RED: 3  YELLOW: 5
  RED: 3

FINAL STATE:
GameOverState
0 1 2 3 4 5 6
-------------
O O O O O O O
O O O O O O O
O O O R O O O
O O R R O O O
O R R Y O O O
R Y Y Y O Y O

Red won.


FINAL SCREEN:
...............................................................................
...............................................................................
...............................................................................
...............................................................................
...............................................................................
...............................................................................
...............................................................................
...............................................................................
...............................................................................
.................BBBBBBBBBBBBBBBBBBBBBBBBBBBBBBBBBBBBBBBBBBBBBB................
.................BB....BB....BBB....BB....BB....BBB....BB....BB................
.................B.....B......B.....B......B.....B......B.....B................
...............................................................................
...............................................................................
.................B.....B......B.....B......B.....B......B.....B................
.................BB....BB....BBB...BBB....BBB...BBB....BB....BB................
.................BB...BBBB..BBBB...BBBB..BBBB...BBBB..BBBB...BB................
.................B.....B......B.....B......B.....B......B.....B................
.................B............................................B................
...............................................................................
.................B............B..................B............B................
.................B.....BB.....B.....BB....BB.....B.....BB.....B................
.................BBB.BBBBB..BBBBB.BBBBB..BBBBB.BBBBB..BBBBB.BBB................
.................B.....BB....BB.....BBRRRRBB.....BB....BB.....B................
.................B............B.....BRRRRRRB.....B............B................
.....................................RRRRRR....................................
.................................WWW.R.WRWWWWWW................................
.................B.....B......B..WW.WWWWRWRWWWW..B......B.....B................
.................BB...BBB....BBB...BBBRRRRBBB...BBB....BBB...BB................
.................BB...BBB....BBBRRRBBBRRRRBBB...BBB....BBB...BB................
.................B.....B......BRRRRRRRRRRRWB.....B......B.....B................
..............................RRRRRWRRRR.RRRWW.................................
..............................RRRRRRRRRRRRR....................................
.................B............BRRRRRBRRRRRRB.....B............B................
.................B.....BB....BBRRRRRBBRRRRBB.....BB....BB.....B................
.................BBB.BBBBBRRBBBBBRBBBBBYYBBBBB.BBBBB..BBBBB.BBB................
.................B.....BBRRRRRBRRRRRBBYYYYBB.....B.....BB.....B................
.................B......RRRRRRBRRRRRRYYYYYY......B............B................
........................RRRRRRRRRRRRRYYYYYY....................................
.................B......RRRRRRRRRRRRRYYYYYY...................B................
.................B.....BRRRRRRBRRRRRBYYYYYYB.....B......B.....B................
.................BB...BBBBRRBBBBRRRBBBBYYBBBB...BBBB..BBBB...BB................
.................BBRRRRBBYYYYBBBYYYBBBYYYYBBB...BBBYYYYBB....BB................
.................BRRRRRBYYYYYYBYYYYYBYYYYYYB.....BYYYYYYB.....B................
.................RRRRRRRYYYYYYYYYYYYYYYYYYY.......YYYYYY.......................
.................RRRRRRRYYYYYYYYYYYYYYYYYYY.......YYYYYY.......................
.................BRRRRRBYYYYYYBYYYYYBYYYYYYB.....BYYYYYYB.....B................
.................BBRRRRBBYYYYBBBYYYYBBYYYYBB....BBBYYYYBB....BB................
.................BBBBBBBBBBBBBBBBBBBBBBBBBBBBBBBBBBBBBBBBBBBBBB................
...............................................................................
...............................................................................
...............................................................................
...............................................................................
...............................................................................
...............................................................................
...............................................................................
...............................................................................


SIMULATION LOG:
[SIMULATION STARTING]
===Model state===
GameState
It is reds turn.
model.time=None
The mouse is at (550, 400).
model.mouse_down_time=None
0 1 2 3 4 5 6
-------------
O O O O O O O
O O O O O O O
O O O O O O O
O O O O O O O
O O O O O O O
O O O O O O O



[SIMULATING MSG=ColumnWasClicked(column=0)]

Playing sound drop.
LOG: Placing brick color red in column 0
===Model state===
GameState
It is yellows turn.
model.time=None
The mouse is at (550, 400).
model.mouse_down_time=None
0 1 2 3 4 5 6
-------------
O O O O O O O
O O O O O O O
O O O O O O O
O O O O O O O
O O O O O O O
R O O O O O O



[SIMULATING MSG=ColumnWasClicked(column=1)]

Playing sound drop.
LOG: Placing brick color yellow in column 1
===Model state===
GameState
It is reds turn.
model.time=None
The mouse is at (550, 400).
model.mouse_down_time=None
0 1 2 3 4 5 6
-------------
O O O O O O O
O O O O O O O
O O O O O O O
O O O O O O O
O O O O O O O
R Y O O O O O



[SIMULATING MSG=ColumnWasClicked(column=1)]

Playing sound drop.
LOG: Placing brick color red in column 1
===Model state===
GameState
It is yellows turn.
model.time=None
The mouse is at (550, 400).
model.mouse_down_time=None
0 1 2 3 4 5 6
-------------
O O O O O O O
O O O O O O O
O O O O O O O
O O O O O O O
O R O O O O O
R Y O O O O O



[SIMULATING MSG=ColumnWasClicked(column=2)]

Playing sound drop.
LOG: Placing brick color yellow in column 2
===Model state===
GameState
It is reds turn.
model.time=None
The mouse is at (550, 400).
model.mouse_down_time=None
0 1 2 3 4 5 6
-------------
O O O O O O O
O O O O O O O
O O O O O O O
O O O O O O O
O R O O O O O
R Y Y O O O O



[SIMULATING MSG=ColumnWasClicked(column=2)]

Playing sound drop.
LOG: Placing brick color red in column 2
===Model state===
GameState
It is yellows turn.
model.time=None
The mouse is at (550, 400).
model.mouse_down_time=None
0 1 2 3 4 5 6
-------------
O O O O O O O
O O O O O O O
O O O O O O O
O O O O O O O
O R R O O O O
R Y Y O O O O



[SIMULATING MSG=ColumnWasClicked(column=3)]

Playing sound drop.
LOG: Placing brick color yellow in column 3
===Model state===
GameState
It is reds turn.
model.time=None
The mouse is at (550, 400).
model.mouse_down_time=None
0 1 2 3 4 5 6
-------------
O O O O O O O
O O O O O O O
O O O O O O O
O O O O O O O
O R R O O O O
R Y Y Y O O O



[SIMULATING MSG=ColumnWasClicked(column=2)]

Playing sound drop.
LOG: Placing brick color red in column 2
===Model state===
GameState
It is yellows turn.
model.time=None
The mouse is at (550, 400).
model.mouse_down_time=None
0 1 2 3 4 5 6
-------------
O O O O O O O
O O O O O O O
O O O O O O O
O O R O O O O
O R R O O O O
R Y Y Y O O O



[SIMULATING MSG=ColumnWasClicked(column=3)]

Playing sound drop.
LOG: Placing brick color yellow in column 3
===Model state===
GameState
It is reds turn.
model.time=None
The mouse is at (550, 400).
model.mouse_down_time=None
0 1 2 3 4 5 6
-------------
O O O O O O O
O O O O O O O
O O O O O O O
O O R O O O O
O R R Y O O O
R Y Y Y O O O



[SIMULATING MSG=ColumnWasClicked(column=3)]

Playing sound drop.
LOG: Placing brick color red in column 3
===Model state===
GameState
It is yellows turn.
model.time=None
The mouse is at (550, 400).
model.mouse_down_time=None
0 1 2 3 4 5 6
-------------
O O O O O O O
O O O O O O O
O O O O O O O
O O R R O O O
O R R Y O O O
R Y Y Y O O O



[SIMULATING MSG=ColumnWasClicked(column=5)]

Playing sound drop.
LOG: Placing brick color yellow in column 5
===Model state===
GameState
It is reds turn.
model.time=None
The mouse is at (550, 400).
model.mouse_down_time=None
0 1 2 3 4 5 6
-------------
O O O O O O O
O O O O O O O
O O O O O O O
O O R R O O O
O R R Y O O O
R Y Y Y O Y O



[SIMULATING MSG=ColumnWasClicked(column=3)]

Playing sound drop.
LOG: Placing brick color red in column 3
LOG: Found 4-in-a-row at (3, 2) direction (-1, 1)
===Model state===
GameOverState
0 1 2 3 4 5 6
-------------
O O O O O O O
O O O O O O O
O O O R O O O
O O R R O O O
O R R Y O O O
R Y Y Y O Y O

Red won.



[SIMULATION ENDED]
