SCENARIO:
startscreen_to_game_transition
events:
LeftMouseDownAt(pos=(1, 1))


FINAL STATE:
GameState
It is reds turn.
model.time=None
The mouse is at (550, 400).
model.mouse_down_time=None
0 1 2 3 4 5 6
-------------
O O O O O O O
O O O O O O O
O O O O O O O
O O O O O O O
O O O O O O O
O O O O O O O


FINAL SCREEN:
...............................................................................
...............................W..W...........W................................
..............................WWWWW.WWWW.WWW.W.WWW.............................
.......................................RR......................................
......................................RRRR.....................................
.....................................RRRRRR....................................
.....................................RRRRRR....................................
.....................................RRRRRR....................................
.....................................RRRRRR....................................
.................BBBBBBBBBBBBBBBBBBBBBBRRBBBBBBBBBBBBBBBBBBBBBB................
.................BB....BB....BBB....BB....BB....BBB....BB....BB................
.................B.....B......B.....B......B.....B......B.....B................
...............................................................................
...............................................................................
.................B.....B......B.....B......B.....B......B.....B................
.................BB....BB....BBB...BBB....BBB...BBB....BB....BB................
.................BB...BBBB..BBBB...BBBB..BBBB...BBBB..BBBB...BB................
.................B.....B......B.....B......B.....B......B.....B................
.................B............................................B................
...............................................................................
.................B............B..................B............B................
.................B.....BB.....B.....BB....BB.....B.....BB.....B................
.................BBB.BBBBB..BBBBB.BBBBB..BBBBB.BBBBB..BBBBB.BBB................
.................B.....BB....BB.....BB....BB.....BB....BB.....B................
.................B............B.....B......B.....B............B................
...............................................................................
...............................................................................
.................B.....B......B.....B......B.....B......B.....B................
.................BB...BBB....BBB...BBB....BBB...BBB....BBB...BB................
.................BB...BBB....BBB...BBB....BBB...BBB....BBB...BB................
.................B.....B......B.....B......B.....B......B.....B................
...............................................................................
...............................................................................
.................B............B.....B......B.....B............B................
.................B.....BB....BB.....BB....BB.....BB....BB.....B................
.................BBB.BBBBB..BBBBB.BBBBB..BBBBB.BBBBB..BBBBB.BBB................
.................B.....BB.....B.....BB....BB.....B.....BB.....B................
.................B............B..................B............B................
...............................................................................
.................B............................................B................
.................B.....B......B.....B......B.....B......B.....B................
.................BB...BBBB..BBBB...BBBB..BBBB...BBBB..BBBB...BB................
.................BB....BB....BBB...BBB....BBB...BBB....BB....BB................
.................B.....B......B.....B......B.....B......B.....B................
...............................................................................
...............................................................................
.................B.....B......B.....B......B.....B......B.....B................
.................BB....BB....BBB....BB....BB....BBB....BB....BB................
.................BBBBBBBBBBBBBBBBBBBBBBBBBBBBBBBBBBBBBBBBBBBBBB................
...............................................................................
...............................................................................
...............................................................................
...............................................................................
...............................................................................
...............................................................................
...............................................................................
...............................................................................


SIMULATION LOG:
[SIMULATION STARTING]
===Model state===
StartScreenState
model.time=0
model.music_playing=False



[SIMULATING MSG=LeftMouseDownAt(pos=(1, 1))]

Stopping music playback.
===Model state===
GameState
It is reds turn.
model.time=None
The mouse is at (550, 400).
model.mouse_down_time=None
0 1 2 3 4 5 6
-------------
O O O O O O O
O O O O O O O
O O O O O O O
O O O O O O O
O O O O O O O
O O O O O O O



[SIMULATION ENDED]
