SCENARIO:
letting_yellow_win_horisontally
Player moves:
  RED: 0  YELLOW: 1
  RED: 0  YELLOW: 2
  RED: 0  YELLOW: 3
  RED: 1  YELLOW: 4


FINAL STATE:
GameOverState
0 1 2 3 4 5 6
-------------
O O O O O O O
O O O O O O O
O O O O O O O
R O O O O O O
R R O O O O O
R Y Y Y Y O O

Yellow won.


FINAL SCREEN:
...............................................................................
...............................................................................
...............................................................................
...............................................................................
...............................................................................
...............................................................................
...............................................................................
...............................................................................
...............................................................................
.................BBBBBBBBBBBBBBBBBBBBBBBBBBBBBBBBBBBBBBBBBBBBBB................
.................BB....BB....BBB....BB....BB....BBB....BB....BB................
.................B.....B......B.....B......B.....B......B.....B................
...............................................................................
...............................................................................
.................B.....B......B.....B......B.....B......B.....B................
.................BB....BB....BBB...BBB....BBB...BBB....BB....BB................
.................BB...BBBB..BBBB...BBBB..BBBB...BBBB..BBBB...BB................
.................B.....B......B.....B......B.....B......B.....B................
.................B............................................B................
...............................................................................
.................B............B..................B............B................
.................B.....BB.....B.....BB....BB.....B.....BB.....B................
.................BBB.BBBBB..BBBBB.BBBBB..BBBBB.BBBBB..BBBBB.BBB................
.................B.....BB....BB.....BB....BB.....BB....BB.....B................
.................B............B.....B......B.....B............B................
...............................................................................
.................................WWW...W.WWWWWW................................
.................B.....B......B..WW.WWWW.W.WWWW..B......B.....B................
.................BB...BBB....BBB...BBB....BBB...BBB....BBB...BB................
.................BBRRRBBB....BBB...BBB....BBB...BBB....BBB...BB................
.................BRRRRRB......B..YY.BWW....B.YYW.B......B.....B................
.................RRRRRRR.........YW..WYWY.YYYWYY...............................
.................RRRRRRR.......................................................
.................BRRRRRR......B.....B......B.....B............B................
.................BRRRRRBB....BB.....BB....BB.....BB....BB.....B................
.................BBBRBBBBBRRBBBBB.BBBBB..BBBBB.BBBBB..BBBBB.BBB................
.................BRRRRRBBRRRRRB.....BB....BB.....B.....BB.....B................
.................BRRRRRRRRRRRRB..................B............B................
.................RRRRRRRRRRRRR.................................................
.................BRRRRRRRRRRRR................................B................
.................BRRRRRBRRRRRRB.....B......B.....B......B.....B................
.................BBRRRBBBBRRBBBB...BBBB..BBBB...BBBB..BBBB...BB................
.................BBRRRRBBYYYYBBBYYYBBBYYYYBBBYYYBBB....BB....BB................
.................BRRRRRBYYYYYYBYYYYYBYYYYYYBYYYYYB......B.....B................
.................RRRRRRRYYYYYYYYYYYYYYYYYYYYYYYYYY.............................
.................RRRRRRRYYYYYYYYYYYYYYYYYYYYYYYYYY.............................
.................BRRRRRBYYYYYYBYYYYYBYYYYYYBYYYYYB......B.....B................
.................BBRRRRBBYYYYBBBYYYYBBYYYYBBYYYYBBB....BB....BB................
.................BBBBBBBBBBBBBBBBBBBBBBBBBBBBBBBBBBBBBBBBBBBBBB................
...............................................................................
...............................................................................
...............................................................................
...............................................................................
...............................................................................
...............................................................................
...............................................................................
...............................................................................


SIMULATION LOG:
[SIMULATION STARTING]
===Model state===
GameState
It is reds turn.
model.time=None
The mouse is at (550, 400).
model.mouse_down_time=None
0 1 2 3 4 5 6
-------------
O O O O O O O
O O O O O O O
O O O O O O O
O O O O O O O
O O O O O O O
O O O O O O O



[SIMULATING MSG=ColumnWasClicked(column=0)]

Playing sound drop.
LOG: Placing brick color red in column 0
===Model state===
GameState
It is yellows turn.
model.time=None
The mouse is at (550, 400).
model.mouse_down_time=None
0 1 2 3 4 5 6
-------------
O O O O O O O
O O O O O O O
O O O O O O O
O O O O O O O
O O O O O O O
R O O O O O O



[SIMULATING MSG=ColumnWasClicked(column=1)]

Playing sound drop.
LOG: Placing brick color yellow in column 1
===Model state===
GameState
It is reds turn.
model.time=None
The mouse is at (550, 400).
model.mouse_down_time=None
0 1 2 3 4 5 6
-------------
O O O O O O O
O O O O O O O
O O O O O O O
O O O O O O O
O O O O O O O
R Y O O O O O



[SIMULATING MSG=ColumnWasClicked(column=0)]

Playing sound drop.
LOG: Placing brick color red in column 0
===Model state===
GameState
It is yellows turn.
model.time=None
The mouse is at (550, 400).
model.mouse_down_time=None
0 1 2 3 4 5 6
-------------
O O O O O O O
O O O O O O O
O O O O O O O
O O O O O O O
R O O O O O O
R Y O O O O O



[SIMULATING MSG=ColumnWasClicked(column=2)]

Playing sound drop.
LOG: Placing brick color yellow in column 2
===Model state===
GameState
It is reds turn.
model.time=None
The mouse is at (550, 400).
model.mouse_down_time=None
0 1 2 3 4 5 6
-------------
O O O O O O O
O O O O O O O
O O O O O O O
O O O O O O O
R O O O O O O
R Y Y O O O O



[SIMULATING MSG=ColumnWasClicked(column=0)]

Playing sound drop.
LOG: Placing brick color red in column 0
===Model state===
GameState
It is yellows turn.
model.time=None
The mouse is at (550, 400).
model.mouse_down_time=None
0 1 2 3 4 5 6
-------------
O O O O O O O
O O O O O O O
O O O O O O O
R O O O O O O
R O O O O O O
R Y Y O O O O



[SIMULATING MSG=ColumnWasClicked(column=3)]

Playing sound drop.
LOG: Placing brick color yellow in column 3
===Model state===
GameState
It is reds turn.
model.time=None
The mouse is at (550, 400).
model.mouse_down_time=None
0 1 2 3 4 5 6
-------------
O O O O O O O
O O O O O O O
O O O O O O O
R O O O O O O
R O O O O O O
R Y Y Y O O O



[SIMULATING MSG=ColumnWasClicked(column=1)]

Playing sound drop.
LOG: Placing brick color red in column 1
===Model state===
GameState
It is yellows turn.
model.time=None
The mouse is at (550, 400).
model.mouse_down_time=None
0 1 2 3 4 5 6
-------------
O O O O O O O
O O O O O O O
O O O O O O O
R O O O O O O
R R O O O O O
R Y Y Y O O O



[SIMULATING MSG=ColumnWasClicked(column=4)]

Playing sound drop.
LOG: Placing brick color yellow in column 4
LOG: Found 4-in-a-row at (1, 5) direction (1, 0)
===Model state===
GameOverState
0 1 2 3 4 5 6
-------------
O O O O O O O
O O O O O O O
O O O O O O O
R O O O O O O
R R O O O O O
R Y Y Y Y O O

Yellow won.



[SIMULATION ENDED]
