SCENARIO:
placing_too_many_bricks_in_first_column
Player moves:
  RED: 0  YELLOW: 0
  RED: 0  YELLOW: 0
  RED: 0  YELLOW: 0
  RED: 0  YELLOW: 0


FINAL STATE:
GameState
It is reds turn.
model.time=None
The mouse is at (550, 400).
model.mouse_down_time=None
0 1 2 3 4 5 6
-------------
Y O O O O O O
R O O O O O O
Y O O O O O O
R O O O O O O
Y O O O O O O
R O O O O O O


FINAL SCREEN:
...............................................................................
...............................W..W...........W................................
..............................WWWWW.WWWW.WWW.W.WWW.............................
.......................................RR......................................
......................................RRRR.....................................
.....................................RRRRRR....................................
.....................................RRRRRR....................................
.....................................RRRRRR....................................
.....................................RRRRRR....................................
.................BBBBBBBBBBBBBBBBBBBBBBRRBBBBBBBBBBBBBBBBBBBBBB................
.................BBYYYYBB....BBB....BB....BB....BBB....BB....BB................
.................BYYYYYB......B.....B......B.....B......B.....B................
.................YYYYYYY.......................................................
.................YYYYYYY.......................................................
.................BYYYYYB......B.....B......B.....B......B.....B................
.................BBYYYYBB....BBB...BBB....BBB...BBB....BB....BB................
.................BBRRRBBBB..BBBB...BBBB..BBBB...BBBB..BBBB...BB................
.................BRRRRRB......B.....B......B.....B......B.....B................
.................BRRRRRR......................................B................
.................RRRRRRR.......................................................
.................BRRRRRR......B..................B............B................
.................BRRRRRBB.....B.....BB....BB.....B.....BB.....B................
.................BBBRBBBBB..BBBBB.BBBBB..BBBBB.BBBBB..BBBBB.BBB................
.................BYYYYYBB....BB.....BB....BB.....BB....BB.....B................
.................BYYYYYY......B.....B......B.....B............B................
.................YYYYYYY.......................................................
.................YYYYYYY.......................................................
.................BYYYYYB......B.....B......B.....B......B.....B................
.................BBYYYBBB....BBB...BBB....BBB...BBB....BBB...BB................
.................BBRRRBBB....BBB...BBB....BBB...BBB....BBB...BB................
.................BRRRRRB......B.....B......B.....B......B.....B................
.................RRRRRRR.......................................................
.................RRRRRRR.......................................................
.................BRRRRRR......B.....B......B.....B............B................
.................BRRRRRBB....BB.....BB....BB.....BB....BB.....B................
.................BBBYBBBBB..BBBBB.BBBBB..BBBBB.BBBBB..BBBBB.BBB................
.................BYYYYYBB.....B.....BB....BB.....B.....BB.....B................
.................BYYYYYY......B..................B............B................
.................YYYYYYY.......................................................
.................BYYYYYY......................................B................
.................BYYYYYB......B.....B......B.....B......B.....B................
.................BBYYYBBBB..BBBB...BBBB..BBBB...BBBB..BBBB...BB................
.................BBRRRRBB....BBB...BBB....BBB...BBB....BB....BB................
.................BRRRRRB......B.....B......B.....B......B.....B................
.................RRRRRRR.......................................................
.................RRRRRRR.......................................................
.................BRRRRRB......B.....B......B.....B......B.....B................
.................BBRRRRBB....BBB....BB....BB....BBB....BB....BB................
.................BBBBBBBBBBBBBBBBBBBBBBBBBBBBBBBBBBBBBBBBBBBBBB................
...............................................................................
...............................................................................
...............................................................................
...............................................................................
...............................................................................
...............................................................................
...............................................................................
...............................................................................


SIMULATION LOG:
[SIMULATION STARTING]
===Model state===
GameState
It is reds turn.
model.time=None
The mouse is at (550, 400).
model.mouse_down_time=None
0 1 2 3 4 5 6
-------------
O O O O O O O
O O O O O O O
O O O O O O O
O O O O O O O
O O O O O O O
O O O O O O O



[SIMULATING MSG=ColumnWasClicked(column=0)]

Playing sound drop.
LOG: Placing brick color red in column 0
===Model state===
GameState
It is yellows turn.
model.time=None
The mouse is at (550, 400).
model.mouse_down_time=None
0 1 2 3 4 5 6
-------------
O O O O O O O
O O O O O O O
O O O O O O O
O O O O O O O
O O O O O O O
R O O O O O O



[SIMULATING MSG=ColumnWasClicked(column=0)]

Playing sound drop.
LOG: Placing brick color yellow in column 0
===Model state===
GameState
It is reds turn.
model.time=None
The mouse is at (550, 400).
model.mouse_down_time=None
0 1 2 3 4 5 6
-------------
O O O O O O O
O O O O O O O
O O O O O O O
O O O O O O O
Y O O O O O O
R O O O O O O



[SIMULATING MSG=ColumnWasClicked(column=0)]

Playing sound drop.
LOG: Placing brick color red in column 0
===Model state===
GameState
It is yellows turn.
model.time=None
The mouse is at (550, 400).
model.mouse_down_time=None
0 1 2 3 4 5 6
-------------
O O O O O O O
O O O O O O O
O O O O O O O
R O O O O O O
Y O O O O O O
R O O O O O O



[SIMULATING MSG=ColumnWasClicked(column=0)]

Playing sound drop.
LOG: Placing brick color yellow in column 0
===Model state===
GameState
It is reds turn.
model.time=None
The mouse is at (550, 400).
model.mouse_down_time=None
0 1 2 3 4 5 6
-------------
O O O O O O O
O O O O O O O
Y O O O O O O
R O O O O O O
Y O O O O O O
R O O O O O O



[SIMULATING MSG=ColumnWasClicked(column=0)]

Playing sound drop.
LOG: Placing brick color red in column 0
===Model state===
GameState
It is yellows turn.
model.time=None
The mouse is at (550, 400).
model.mouse_down_time=None
0 1 2 3 4 5 6
-------------
O O O O O O O
R O O O O O O
Y O O O O O O
R O O O O O O
Y O O O O O O
R O O O O O O



[SIMULATING MSG=ColumnWasClicked(column=0)]

Playing sound drop.
LOG: Placing brick color yellow in column 0
===Model state===
GameState
It is reds turn.
model.time=None
The mouse is at (550, 400).
model.mouse_down_time=None
0 1 2 3 4 5 6
-------------
Y O O O O O O
R O O O O O O
Y O O O O O O
R O O O O O O
Y O O O O O O
R O O O O O O



[SIMULATING MSG=ColumnWasClicked(column=0)]

Playing sound blocked.
===Model state===
GameState
It is reds turn.
model.time=None
The mouse is at (550, 400).
model.mouse_down_time=None
0 1 2 3 4 5 6
-------------
Y O O O O O O
R O O O O O O
Y O O O O O O
R O O O O O O
Y O O O O O O
R O O O O O O



[SIMULATING MSG=ColumnWasClicked(column=0)]

Playing sound blocked.
===Model state===
GameState
It is reds turn.
model.time=None
The mouse is at (550, 400).
model.mouse_down_time=None
0 1 2 3 4 5 6
-------------
Y O O O O O O
R O O O O O O
Y O O O O O O
R O O O O O O
Y O O O O O O
R O O O O O O



[SIMULATION ENDED]
