SCENARIO:
letting_red_win_horisontally
Player moves:
  RED: 0  YELLOW: 5
  RED: 1  YELLOW: 5
  RED: 2  YELLOW: 5
  RED: 3

FINAL STATE:
GameOverState
0 1 2 3 4 5 6
-------------
O O O O O O O
O O O O O O O
O O O O O O O
O O O O O Y O
O O O O O Y O
R R R R O Y O

Red won.


FINAL SCREEN:
...............................................................................
...............................................................................
...............................................................................
...............................................................................
...............................................................................
...............................................................................
...............................................................................
...............................................................................
...............................................................................
.................BBBBBBBBBBBBBBBBBBBBBBBBBBBBBBBBBBBBBBBBBBBBBB................
.................BB....BB....BBB....BB....BB....BBB....BB....BB................
.................B.....B......B.....B......B.....B......B.....B................
...............................................................................
...............................................................................
.................B.....B......B.....B......B.....B......B.....B................
.................BB....BB....BBB...BBB....BBB...BBB....BB....BB................
.................BB...BBBB..BBBB...BBBB..BBBB...BBBB..BBBB...BB................
.................B.....B......B.....B......B.....B......B.....B................
.................B............................................B................
...............................................................................
.................B............B..................B............B................
.................B.....BB.....B.....BB....BB.....B.....BB.....B................
.................BBB.BBBBB..BBBBB.BBBBB..BBBBB.BBBBB..BBBBB.BBB................
.................B.....BB....BB.....BB....BB.....BB....BB.....B................
.................B............B.....B......B.....B............B................
...............................................................................
.................................WWW...W.WWWWWW................................
.................B.....B......B..WW.WWWW.W.WWWW..B......B.....B................
.................BB...BBB....BBB...BBB....BBB...BBB....BBB...BB................
.................BB...BBB....BBB...BBB....BBB...BBBYYYYBBB...BB................
.................B.....B......B...R.RR.WWWWB.....BYYYYYYB.....B................
..................................R..RR..R.RWW....YYYYYY.......................
..................................................YYYYYY.......................
.................B............B.....B......B.....BYYYYYY......B................
.................B.....BB....BB.....BB....BB.....BBYYYYBB.....B................
.................BBB.BBBBB..BBBBB.BBBBB..BBBBB.BBBBBYYBBBBB.BBB................
.................B.....BB.....B.....BB....BB.....BYYYYYBB.....B................
.................B............B..................BYYYYYY......B................
..................................................YYYYYY.......................
.................B................................YYYYYY......B................
.................B.....B......B.....B......B.....BYYYYYYB.....B................
.................BB...BBBB..BBBB...BBBB..BBBB...BBBBYYBBBB...BB................
.................BBRRRRBBRRRRBBBRRRBBBRRRRBBB...BBBYYYYBB....BB................
.................BRRRRRBRRRRRRBRRRRRBRRRRRRB.....BYYYYYYB.....B................
.................RRRRRRRRRRRRRRRRRRRRRRRRRR.......YYYYYY.......................
.................RRRRRRRRRRRRRRRRRRRRRRRRRR.......YYYYYY.......................
.................BRRRRRBRRRRRRBRRRRRBRRRRRRB.....BYYYYYYB.....B................
.................BBRRRRBBRRRRBBBRRRRBBRRRRBB....BBBYYYYBB....BB................
.................BBBBBBBBBBBBBBBBBBBBBBBBBBBBBBBBBBBBBBBBBBBBBB................
...............................................................................
...............................................................................
...............................................................................
...............................................................................
...............................................................................
...............................................................................
...............................................................................
...............................................................................


SIMULATION LOG:
[SIMULATION STARTING]
===Model state===
GameState
It is reds turn.
model.time=None
The mouse is at (550, 400).
model.mouse_down_time=None
0 1 2 3 4 5 6
-------------
O O O O O O O
O O O O O O O
O O O O O O O
O O O O O O O
O O O O O O O
O O O O O O O



[SIMULATING MSG=ColumnWasClicked(column=0)]

Playing sound drop.
LOG: Placing brick color red in column 0
===Model state===
GameState
It is yellows turn.
model.time=None
The mouse is at (550, 400).
model.mouse_down_time=None
0 1 2 3 4 5 6
-------------
O O O O O O O
O O O O O O O
O O O O O O O
O O O O O O O
O O O O O O O
R O O O O O O



[SIMULATING MSG=ColumnWasClicked(column=5)]

Playing sound drop.
LOG: Placing brick color yellow in column 5
===Model state===
GameState
It is reds turn.
model.time=None
The mouse is at (550, 400).
model.mouse_down_time=None
0 1 2 3 4 5 6
-------------
O O O O O O O
O O O O O O O
O O O O O O O
O O O O O O O
O O O O O O O
R O O O O Y O



[SIMULATING MSG=ColumnWasClicked(column=1)]

Playing sound drop.
LOG: Placing brick color red in column 1
===Model state===
GameState
It is yellows turn.
model.time=None
The mouse is at (550, 400).
model.mouse_down_time=None
0 1 2 3 4 5 6
-------------
O O O O O O O
O O O O O O O
O O O O O O O
O O O O O O O
O O O O O O O
R R O O O Y O



[SIMULATING MSG=ColumnWasClicked(column=5)]

Playing sound drop.
LOG: Placing brick color yellow in column 5
===Model state===
GameState
It is reds turn.
model.time=None
The mouse is at (550, 400).
model.mouse_down_time=None
0 1 2 3 4 5 6
-------------
O O O O O O O
O O O O O O O
O O O O O O O
O O O O O O O
O O O O O Y O
R R O O O Y O



[SIMULATING MSG=ColumnWasClicked(column=2)]

Playing sound drop.
LOG: Placing brick color red in column 2
===Model state===
GameState
It is yellows turn.
model.time=None
The mouse is at (550, 400).
model.mouse_down_time=None
0 1 2 3 4 5 6
-------------
O O O O O O O
O O O O O O O
O O O O O O O
O O O O O O O
O O O O O Y O
R R R O O Y O



[SIMULATING MSG=ColumnWasClicked(column=5)]

Playing sound drop.
LOG: Placing brick color yellow in column 5
===Model state===
GameState
It is reds turn.
model.time=None
The mouse is at (550, 400).
model.mouse_down_time=None
0 1 2 3 4 5 6
-------------
O O O O O O O
O O O O O O O
O O O O O O O
O O O O O Y O
O O O O O Y O
R R R O O Y O



[SIMULATING MSG=ColumnWasClicked(column=3)]

Playing sound drop.
LOG: Placing brick color red in column 3
LOG: Found 4-in-a-row at (0, 5) direction (1, 0)
===Model state===
GameOverState
0 1 2 3 4 5 6
-------------
O O O O O O O
O O O O O O O
O O O O O O O
O O O O O Y O
O O O O O Y O
R R R R O Y O

Red won.



[SIMULATION ENDED]
