SCENARIO:
letting_red_win
Player moves:
  RED: 0  YELLOW: 1
  RED: 0  YELLOW: 1
  RED: 0  YELLOW: 1
  RED: 0

FINAL STATE:
GameOverState
0 1 2 3 4 5 6
-------------
O O O O O O O
O O O O O O O
R O O O O O O
R Y O O O O O
R Y O O O O O
R Y O O O O O

Red won.


FINAL SCREEN:
...............................................................................
...............................................................................
...............................................................................
...............................................................................
...............................................................................
...............................................................................
...............................................................................
...............................................................................
...............................................................................
.................BBBBBBBBBBBBBBBBBBBBBBBBBBBBBBBBBBBBBBBBBBBBBB................
.................BB....BB....BBB....BB....BB....BBB....BB....BB................
.................B.....B......B.....B......B.....B......B.....B................
...............................................................................
...............................................................................
.................B.....B......B.....B......B.....B......B.....B................
.................BB....BB....BBB...BBB....BBB...BBB....BB....BB................
.................BB...BBBB..BBBB...BBBB..BBBB...BBBB..BBBB...BB................
.................B.....B......B.....B......B.....B......B.....B................
.................B............................................B................
...............................................................................
.................B............B..................B............B................
.................B.....BB.....B.....BB....BB.....B.....BB.....B................
.................BBB.BBBBB..BBBBB.BBBBB..BBBBB.BBBBB..BBBBB.BBB................
.................BRRRRRBB....BB.....BB....BB.....BB....BB.....B................
.................BRRRRRR......B.....B......B.....B............B................
.................RRRRRRR.......................................................
.................RRRRRRR.........WWW...W.WWWWWW................................
.................BRRRRRB......B..WW.WWWW.W.WWWW..B......B.....B................
.................BBRRRBBB....BBB...BBB....BBB...BBB....BBB...BB................
.................BBRRRBBBYYYYBBB...BBB....BBB...BBB....BBB...BB................
.................BRRRRRBYYYYYYB...R.RR.WWWWB.....B......B.....B................
.................RRRRRRRYYYYYY....R..RR..R.RWW.................................
.................RRRRRRRYYYYYY.................................................
.................BRRRRRRYYYYYYB.....B......B.....B............B................
.................BRRRRRBBYYYYBB.....BB....BB.....BB....BB.....B................
.................BBBRBBBBBYYBBBBB.BBBBB..BBBBB.BBBBB..BBBBB.BBB................
.................BRRRRRBBYYYYYB.....BB....BB.....B.....BB.....B................
.................BRRRRRRYYYYYYB..................B............B................
.................RRRRRRRYYYYYY.................................................
.................BRRRRRRYYYYYY................................B................
.................BRRRRRBYYYYYYB.....B......B.....B......B.....B................
.................BBRRRBBBBYYBBBB...BBBB..BBBB...BBBB..BBBB...BB................
.................BBRRRRBBYYYYBBB...BBB....BBB...BBB....BB....BB................
.................BRRRRRBYYYYYYB.....B......B.....B......B.....B................
.................RRRRRRRYYYYYY.................................................
.................RRRRRRRYYYYYY.................................................
.................BRRRRRBYYYYYYB.....B......B.....B......B.....B................
.................BBRRRRBBYYYYBBB....BB....BB....BBB....BB....BB................
.................BBBBBBBBBBBBBBBBBBBBBBBBBBBBBBBBBBBBBBBBBBBBBB................
...............................................................................
...............................................................................
...............................................................................
...............................................................................
...............................................................................
...............................................................................
...............................................................................
...............................................................................


SIMULATION LOG:
[SIMULATION STARTING]
===Model state===
GameState
It is reds turn.
model.time=None
The mouse is at (550, 400).
model.mouse_down_time=None
0 1 2 3 4 5 6
-------------
O O O O O O O
O O O O O O O
O O O O O O O
O O O O O O O
O O O O O O O
O O O O O O O



[SIMULATING MSG=ColumnWasClicked(column=0)]

Playing sound drop.
LOG: Placing brick color red in column 0
===Model state===
GameState
It is yellows turn.
model.time=None
The mouse is at (550, 400).
model.mouse_down_time=None
0 1 2 3 4 5 6
-------------
O O O O O O O
O O O O O O O
O O O O O O O
O O O O O O O
O O O O O O O
R O O O O O O



[SIMULATING MSG=ColumnWasClicked(column=1)]

Playing sound drop.
LOG: Placing brick color yellow in column 1
===Model state===
GameState
It is reds turn.
model.time=None
The mouse is at (550, 400).
model.mouse_down_time=None
0 1 2 3 4 5 6
-------------
O O O O O O O
O O O O O O O
O O O O O O O
O O O O O O O
O O O O O O O
R Y O O O O O



[SIMULATING MSG=ColumnWasClicked(column=0)]

Playing sound drop.
LOG: Placing brick color red in column 0
===Model state===
GameState
It is yellows turn.
model.time=None
The mouse is at (550, 400).
model.mouse_down_time=None
0 1 2 3 4 5 6
-------------
O O O O O O O
O O O O O O O
O O O O O O O
O O O O O O O
R O O O O O O
R Y O O O O O



[SIMULATING MSG=ColumnWasClicked(column=1)]

Playing sound drop.
LOG: Placing brick color yellow in column 1
===Model state===
GameState
It is reds turn.
model.time=None
The mouse is at (550, 400).
model.mouse_down_time=None
0 1 2 3 4 5 6
-------------
O O O O O O O
O O O O O O O
O O O O O O O
O O O O O O O
R Y O O O O O
R Y O O O O O



[SIMULATING MSG=ColumnWasClicked(column=0)]

Playing sound drop.
LOG: Placing brick color red in column 0
===Model state===
GameState
It is yellows turn.
model.time=None
The mouse is at (550, 400).
model.mouse_down_time=None
0 1 2 3 4 5 6
-------------
O O O O O O O
O O O O O O O
O O O O O O O
R O O O O O O
R Y O O O O O
R Y O O O O O



[SIMULATING MSG=ColumnWasClicked(column=1)]

Playing sound drop.
LOG: Placing brick color yellow in column 1
===Model state===
GameState
It is reds turn.
model.time=None
The mouse is at (550, 400).
model.mouse_down_time=None
0 1 2 3 4 5 6
-------------
O O O O O O O
O O O O O O O
O O O O O O O
R Y O O O O O
R Y O O O O O
R Y O O O O O



[SIMULATING MSG=ColumnWasClicked(column=0)]

Playing sound drop.
LOG: Placing brick color red in column 0
LOG: Found 4-in-a-row at (0, 2) direction (0, 1)
===Model state===
GameOverState
0 1 2 3 4 5 6
-------------
O O O O O O O
O O O O O O O
R O O O O O O
R Y O O O O O
R Y O O O O O
R Y O O O O O

Red won.



[SIMULATION ENDED]
