SCENARIO:
first_placed_brick_is_red
Player moves:
  RED: 0

FINAL STATE:
GameState
It is yellows turn.
model.time=None
The mouse is at (550, 400).
model.mouse_down_time=None
0 1 2 3 4 5 6
-------------
O O O O O O O
O O O O O O O
O O O O O O O
O O O O O O O
O O O O O O O
R O O O O O O


FINAL SCREEN:
...............................................................................
.....................................W.........................................
.............................WW.WW.W.WW.WWW.WW.WWWW............................
.......................................YY......................................
......................................YYYY.....................................
.....................................YYYYYY....................................
.....................................YYYYYY....................................
.....................................YYYYYY....................................
.....................................YYYYYY....................................
.................BBBBBBBBBBBBBBBBBBBBBBYYBBBBBBBBBBBBBBBBBBBBBB................
.................BB....BB....BBB....BB....BB....BBB....BB....BB................
.................B.....B......B.....B......B.....B......B.....B................
...............................................................................
...............................................................................
.................B.....B......B.....B......B.....B......B.....B................
.................BB....BB....BBB...BBB....BBB...BBB....BB....BB................
.................BB...BBBB..BBBB...BBBB..BBBB...BBBB..BBBB...BB................
.................B.....B......B.....B......B.....B......B.....B................
.................B............................................B................
...............................................................................
.................B............B..................B............B................
.................B.....BB.....B.....BB....BB.....B.....BB.....B................
.................BBB.BBBBB..BBBBB.BBBBB..BBBBB.BBBBB..BBBBB.BBB................
.................B.....BB....BB.....BB....BB.....BB....BB.....B................
.................B............B.....B......B.....B............B................
...............................................................................
...............................................................................
.................B.....B......B.....B......B.....B......B.....B................
.................BB...BBB....BBB...BBB....BBB...BBB....BBB...BB................
.................BB...BBB....BBB...BBB....BBB...BBB....BBB...BB................
.................B.....B......B.....B......B.....B......B.....B................
...............................................................................
...............................................................................
.................B............B.....B......B.....B............B................
.................B.....BB....BB.....BB....BB.....BB....BB.....B................
.................BBB.BBBBB..BBBBB.BBBBB..BBBBB.BBBBB..BBBBB.BBB................
.................B.....BB.....B.....BB....BB.....B.....BB.....B................
.................B............B..................B............B................
...............................................................................
.................B............................................B................
.................B.....B......B.....B......B.....B......B.....B................
.................BB...BBBB..BBBB...BBBB..BBBB...BBBB..BBBB...BB................
.................BBRRRRBB....BBB...BBB....BBB...BBB....BB....BB................
.................BRRRRRB......B.....B......B.....B......B.....B................
.................RRRRRRR.......................................................
.................RRRRRRR.......................................................
.................BRRRRRB......B.....B......B.....B......B.....B................
.................BBRRRRBB....BBB....BB....BB....BBB....BB....BB................
.................BBBBBBBBBBBBBBBBBBBBBBBBBBBBBBBBBBBBBBBBBBBBBB................
...............................................................................
...............................................................................
...............................................................................
...............................................................................
...............................................................................
...............................................................................
...............................................................................
...............................................................................


SIMULATION LOG:
[SIMULATION STARTING]
===Model state===
GameState
It is reds turn.
model.time=None
The mouse is at (550, 400).
model.mouse_down_time=None
0 1 2 3 4 5 6
-------------
O O O O O O O
O O O O O O O
O O O O O O O
O O O O O O O
O O O O O O O
O O O O O O O



[SIMULATING MSG=ColumnWasClicked(column=0)]

Playing sound drop.
LOG: Placing brick color red in column 0
===Model state===
GameState
It is yellows turn.
model.time=None
The mouse is at (550, 400).
model.mouse_down_time=None
0 1 2 3 4 5 6
-------------
O O O O O O O
O O O O O O O
O O O O O O O
O O O O O O O
O O O O O O O
R O O O O O O



[SIMULATION ENDED]
