SCENARIO:
clicking_in_game_over_state
events:
LeftMouseDownAt(pos=(1, 1))


FINAL STATE:
StartScreenState
model.time=0
model.music_playing=False


FINAL SCREEN:
BWWWWWWWWWWWWWWWWWWWWWWWWWWWWWWWWWWWWWWWWWWWWWWWWWWWWWWWWWWWWWWWWWWWWWWWWWWWWWW
WWWWWWWWWWWWWWWWWWWWWWWWWWWWWWWWWWWWWWWWWWWWWWWWWWWWWWWWWWWWWWWWWWWWWWWWWWWWWWW
WWWWWWWWWWWWWWWWWWWWWWWWWWWWWWWWWWWWWWWWWWWWWWWWWWWWWWWWWBWWWWWWWWWWWWWWWWWWWWW
WYYYYYWWYYYYYWWYYYYWWYYYYYWWWWWWWWWWWWWWWWWWWWWWWWWWWWWWWWWWWWWWWWWWWWWWWWWWWWW
YYYYYYYYYYYYYYYYYYYYYYYYYYYYWWWWWWWWWWWWWWWWWWWWWWWWWWWWWWWWWWWWWWWWWWWWWWWWWWW
YYYYYYYYYYYYYYYYYYYYYYYYYYYYWWWWWWWWWWWWWWWWWWWWWWWWWWWWWWWWWWWWWWWWWWWWWWWWWWW
YYYYYYYYYYYYYYYYYYYYYYYYYYYYYWWWWWWWWWWWWWWWWWWWWWWWWWWWWWWWWWWWWWWWWWWWWWWWWWW
YYYYYYYYYYYYYYYYYYYYYYYYYYYYYWWWWWWWWWWWWWWWWWWWWWWWWWWWWWWWWWWWWWWWWWWWWWWWWWW
YYYYYYYYYYYYYYYYYYYYYYYYYYYYYWWWWWWWWWWWWWWWWWWWWWWWWWWWWWWWWWWWWWWWWWWWWWWWWWW
YYYYYYYYYYYYYYYYYYYYYYYYYYYYWWWWWWWWWWWWWWWWWWWWWWWWWWWWWWWWWWWWWWWWWWWWWWWWWWW
YYYYYYYYYYYYYYYYYYYYYYYYYYYYWWWWWWWWWWWWWWWWWWWWWWWWWWWWWWWWWWWWWWWWWWWWWWWWWWW
WYYYYYWYYYYYYWYYYYYYWYYYYYYWWWWWWWWWWWWWWWWWWWWWWWWWWWWWWWWWWWWWWWWWWWWWWWWWWWW
WWWWWWWWWWWWWWWWWWWWWWWWWWWWWWWWWWWWWWWWWWWWWWWWWWWWWWWWWWWWWWWWWWWWWWWWWWWWWWW
WWWWWWWWWWWWWWWWWWWWWWWWWWWWWWWWWWWWWWWWWWWWWWWWWWWWWWWWWWWWWWWWWWWWWWWWWWWWWWW
WWWWWWWWWWWWWWWWWWWWWWWWWWWWWWWWWWWWWWWWWWWWWWWWWWWWWWWWWWWWWWWWWWWWWWWWWWWWWWW
WWWWWWWWWWWWWWWWWWWWWWWWWWWWWWWWWWWWWWWWWWWWWWWWWWWWWWWWWWWWWWWWWWWWWWWWWWWWWWW
WWWWWWWWWWWWWWWWWWWWWWWWWWWWWWWWWWWWWWWWWWWWWWWWWWWWWWWWWWWWWWWWWWWWWWWWWWWWWWW
WWWWWWWWWWWWWWWWWWWWWWWWWWWWWWWWWWWWWWWWWWWWWWWWWWWWWWWWWWWWWWWWWWWWWWWWWWWWWWW
WWWWWWWWWWWWWWWWWWWWWWWWWWWWWWWWWWWWWWWWWWWWWWWWWWWWWWWWWWWWWWWWWWWWWWWWWWWWWWW
WWWWWWWWWWWWWWWWWWWWWWWWWWWWWWWWWWWWWWWWWWWWWWWWWWWWWWWWWWWWWWWWWWWWWWWBWWWWWWW
WWWWWWWWWWWWWWWWWWWWWWWWWWWWWWWWWWWWWWWWWWWWWWWWWWWWWWWWWWWWWWWWWWWWWWWWWWWWWWW
WWWWWWWWWWWWWWWWWWWWWWWWWWWWWWWWWWWWWWWWWWWWWWWWWWWWWWWWWWWWWWWWWWWWWWWWWWWWWWW
WWWWWWWWWWWWWWWWWWWWWWWWWWWWWWWWWWWWWWWWWWWWWWWWWWWWWWWWWWWWWWWWWWWWWWWWWWWWWWW
WWWWWWWWWWWWWWWWWWWWWWWWWWWWWWWWWWWWWWWWWWWWWWWWWWWWWWWWWWWWWWWWWWWWWWWWWBWWWWW
WWWWWWWWWWWWWWWWWWWWWWWWWWWWWWWWWWWWWWWWWWWWWWWWWWWWWWWWWWWWWWWWWWWWWWWWWWWWWWW
WWWWWWWWWWWWWWWWWWWWWWWWWWWWWWWWWWWWWWWWWWWWWWWWWWWWWWWWWWWWWWWWWWWWWWWWWWWWWWW
WWWWWWWWWWWWWWWWWWWWWWWWWWWWWWWWWWWWWWWWWWWWWWWWWWWWWWWWWWWWWWWWWWWWWWWWWWWWWWW
WWWWWWWWWWWWWWWWWWWWWWWWWWWWWWWWWWWWWWWWWWWWWWWWWWWWWWWWWWWWWWWWWWWWWWWWWWWWWWW
WWWWWWWWWWWWWWWWWWWWWWWWWWWWWWWGGWWWGWWWWWWWGWGWWWWWWWWWWWWWWWWWWWWWWWWWWWWWWWW
WWWWWWWWWWWWWWWWWWWWWWWWWWWWWWWWW.WGGWWGWWGWGGGGGWWWWWWWWWWWWWWWWWWWWWWWWWWWBWW
WWWWWWWWWWWWWWWWWWWWWWWYYWWWWWWYWWWWWWWWWYWWWWWWWWWWWWWWWYWWWWWWWWWWWWWWWWWWBWW
WWWWWWWWWWWWWWWWWWWWWWWW.YWYWY.WWWW..YY.W.WYWWWY.Y..WWYYYWWWWWWWWWWWWWWWWWWBBBW
WWWWWWWWWWWWWWWWWWWWWWWWWWWWWWWWWWWWWWWWWWWWWWWWWWWWWWWWWWWWWWWWWWWWWWWWWWWBBBW
WWWWWWWWWWWWWWWWWWWWWWWWWBWWWWWWWBBBWWWWWWWWWWWWWWWWWWWWWWWWWWWWWWWWWWWWWWBBBBB
WWWWWWWWWWWWWWWWWWWWWWWWWBBWWWWWWBBBWWBWWWWWWWWWWWWWWWWWWWWWWWWBWWWWWWBBBWBBBBB
WBWWWBBBBBWWWWWWWWWWWWWWWBBBWWWBBBBBWWBWWWWWWWWWWBWWWWWWWWBWWWBBWWWWWWBBBBBBBBB
WBWWWBBBBBBBBWWBBWWWWWBBWBBBWWWBBBBBWBBWWWWWWWWWWBWWWBWWWWBWWBBBBWWWWWBBBBBBBBB
WBWWWBBBBBBBBBWBBWWWWWBBWBBBWWWBBBBBWBBWWWWWBBBBWBBWBBWWWWBWWBBBBWBBWWBBBBBBBBB
WBWWWBWWBBBBBBWBBBWWWWBBBBBBWBWBBBBBBBBBWWWBBBBBBBBWBBBBWBBWWBBBBWWWBWBBBBBBBBB
WBWWWBWWBBBBBBWBBBWWWWBBBBBBWBWBBBBBBBBBBBWBBBBBBBBWBBBBBBBWWBBBBWWWBWBBBBBBBBB
BBWWWBWWBBBBBBWBBBBBBBBBBBBBWBBBBBBBBBBBBBBBBBBBBWBBBBBBBBBBBBBBBWWWBWBBBBBBBBB
BWWWWBWWBBBBBBBBBBBBBBBBBBBBBBBBBBBBBBBBBBBBBBBBBWBBBBBBBBBBBBBBBWWWBBWWBBBBBBB
BWWWBBWWWBBBBBBBBBBWBBBBBBBBWWBBBBBBBBBWBBBBBBBBWWBBBBBBBBWWBBBBBWWWBWWWBBBBBBB
BWWWBBWWWBBBBBBWBBBWBBBBWWBBWWBBBBWWBBBWBBBBBBBBWWWWWWBBBWWWBBBBBWWWBWWWBBBBBBB
BWWWBBWWWBBBBBBWBBBWBBBWWWBBWWBBWWWWWWWWWBBBBWBBWWWWWWBBBWWWBBBBBWWWBWWWBBBBBBB
WWWWBBWWWBBBBBBWBWWWWBBWWWWWWWBBWWWWWWWWWWWBBWBBWWWWWWBBBWWWBBBBBWWWBWWWBBBBBBB
WWWWBBWWWWBBBBWWWWWWWBWWWWWWWWBBWWWWWWWWWWWBBWBBWWWWWRRRRRRWRRRRRRWRRRRRRBRRRRR
WWWWBBWWWWBBBBWWWWWWWBWWWWWWWWWBWWWWWWWWWWWBWWWWWWWWRRRRRRRRRRRRRRRRRRRRRRRRRRR
WWWWBBWWWWBWWWWWWWWWWBWWWWWWWWWBWWWWWWWWWWWBWWWWWWWWRRRRRRRRRRRRRRRRRRRRRRRRRRR
WWWWWBWWWWBWWWWWWWWWWWWWWWWWWWWBWWWWWWWWWWWBWWWWWWWRRRRRRRRRRRRRRRRRRRRRRRRRRRR
WWWWWWWWWWBWWWWWWWWWWWWWWWWWWWWBWWWWWWWWWWWWWWWWWWWRRRRRRRRRRRRRRRRRRRRRRRRRRRR
WWWWWWWWWWBWWWWWWWWWWWWWWWWWWWWBWWWWWWWWWWWWWWWWWWWRRRRRRRRRRRRRRRRRRRRRRRRRRRR
WWWWWWWWWWWWWWWWWWWWWWWWWWWWWWWWWWWWWWWWWWWWWWWWWWWWRRRRRRRRRRRRRRRRRRRRRRRRRRR
WWWWWWWWWWWWWWWWWWWWWWWWWWWWWWWWWWWWWWWWWWWWWWWWWWWWRRRRRRRRRRRRRRRRRRRRRRRRRRR
WWWWWWWWWWWWWWWWWWWWWWWWWWWWWWWWWWWWWWWWWWWWWWWWWWWWWWRRRRRWWRRRRWWRRRRRWWRRRRR
WWWWWWWWWWWWWWWWWWWWWWWWWWWWWWWWWWWWWWWWWWWWWWWWWWWWWWWWWWWWWWWWWWWWWWWWWWWWWWW
WWWWWWWWWWWWWWWWWWWWWWWWWWWWWWWWWWWWWWWWWWWWWWWWWWWWWWWWWWWWWWWWWWWWWWWWWWWWWWW


SIMULATION LOG:
[SIMULATION STARTING]
===Model state===
GameOverState
0 1 2 3 4 5 6
-------------
O O O O O O O
O O O O O O O
O O O O O O O
O O O O O O O
O O O O O O O
O O O O O O O

Red won.



[SIMULATING MSG=LeftMouseDownAt(pos=(1, 1))]

===Model state===
StartScreenState
model.time=0
model.music_playing=False



[SIMULATION ENDED]
